START
TRANSFORM
1001
2001
False
None
3002
Change 0
TRANSFORM
Waiting for: Seamless transformer: .mymacro.ctx.tf
Seamless context: .mymacro.ctx
990
1990
False
2980
Change 1
TRANSFORM
Waiting for: Seamless transformer: .mymacro.ctx.tf
Seamless context: .mymacro.ctx
1002
2002
True
42
3004
Change 2
Change 3
ctx.mymacro.ctx is undefined
Change 4
1002
2002
True
42
3004
Change 5
TRANSFORM
Waiting for: Seamless transformer: .mymacro.ctx.tf
1000
2000
False
3000
Change 6
  File "Seamless macro: .mymacro", line 20, in macro_code
    assert param != 999   # on purpose
AssertionError

ctx.mymacro.ctx is undefined
STOP
