+ set -u -e -x
+ rm -rf reuse-vault
+ python3 reuse-compile1.py

g++ -c -O3 -ffast-math -march=native -fPIC -fopenmp -p -g -o /tmp/seamless-extensions/seamless_module_bda718eecdca5766a64bd5ac2a844e63fdab4a59e67a2ad403e24f90c2704a28_testmodule/main.o /tmp/seamless-extensions/seamless_module_bda718eecdca5766a64bd5ac2a844e63fdab4a59e67a2ad403e24f90c2704a28_testmodule/main.cpp


Waiting for: Seamless transformer: .tf
8.141592979431152
+ python3 reuse-compile2.py
Status: OK
None
8.141592979431152
+ rm -rf reuse-vault
