a: 10
c751b8ae4dad3d3490f728b3d01e82c0f70b86d8d986886065632c52153ebc3f
{'a': 10}
c751b8ae4dad3d3490f728b3d01e82c0f70b86d8d986886065632c52153ebc3f
12
12
