/cwd/workflow-core/fingertip.py:7: DeprecationWarning: There is no current event loop
  loop = asyncio.get_event_loop()
RUN 10
8e843baef228089dc379d4c3b6e28c1bb5d44eee257f1206b5dfee44ef6b05ad
20
seamless.CacheMissError: 8e843baef228089dc379d4c3b6e28c1bb5d44eee257f1206b5dfee44ef6b05ad
RUN 10
20
