Executing 'mymacro'...
Executing 'submacro, param = 1'...
INPUT!!!
10
************************************************************
Stage 1
************************************************************
Executing 'submacro, param = 1'...
INP!!!
20
************************************************************
Stage 2
************************************************************
Executing 'mymacro'...
Executing 'submacro, param = 2'...
INP!!!
************************************************************
Stage 3
************************************************************
Executing 'submacro, param = 2'...
INP2!!!
