START
execute
42
True
42
42
42
99
/execute
None
START 2
*************************************************
* Result
*************************************************
0
*************************************************
* Standard output
*************************************************
execute
42
True
42
42
42
99
/execute

*************************************************
Execution time: 0.0 seconds
*************************************************
None
Status: OK
