Run 1
Buffer read folder not found
A f549f48383e33954f7945f08a61729a0460bb5f24828e6fa89e99f2ddbc9b247 b'[\n  1,\n  2,\n  3\n]\n'
B 45eda5dc76b4247d554e2b8592df1c5031f84b00ff35a1547a8d241b529da9c1 b'{\n  "file1.txt": "191fb5fc4a9bf2ded9a09a0a2c4eb3eb90f15ee96deb1eec1a970df0a79d09ba"\n}\n'
C a3b9a39c707177f10d440c071303df8beff535c40c7c25e92da187b14aac127e b'3\n'
D 0bd8ba492aecc071c429d7363b89d6d413ca713933b5bce60a67a706a470daa2 b'{\n  "file2.txt": "a3b9a39c707177f10d440c071303df8beff535c40c7c25e92da187b14aac127e"\n}\n'
Status: error
c: could not find file/directory for a3b9a39c707177f10d440c071303df8beff535c40c7c25e92da187b14aac127e
c: could not find file/directory for a3b9a39c707177f10d440c071303df8beff535c40c7c25e92da187b14aac127e
<None>
None
d1676bb657819efd84207076bef917e2f797f50e15f0eb3eaa45bce8f6fe5efe
Upload folder 2
seamless-upload: Verbosity set to 1
seamless-upload: Upload 2 files, total 88.00 B
Run 2
Buffer read folder found
A f549f48383e33954f7945f08a61729a0460bb5f24828e6fa89e99f2ddbc9b247 b'[\n  1,\n  2,\n  3\n]\n'
B 45eda5dc76b4247d554e2b8592df1c5031f84b00ff35a1547a8d241b529da9c1 b'{\n  "file1.txt": "191fb5fc4a9bf2ded9a09a0a2c4eb3eb90f15ee96deb1eec1a970df0a79d09ba"\n}\n'
C a3b9a39c707177f10d440c071303df8beff535c40c7c25e92da187b14aac127e b'3\n'
D 0bd8ba492aecc071c429d7363b89d6d413ca713933b5bce60a67a706a470daa2 b'{\n  "file2.txt": "a3b9a39c707177f10d440c071303df8beff535c40c7c25e92da187b14aac127e"\n}\n'
Status: error
d: could not find file/directory for 0bd8ba492aecc071c429d7363b89d6d413ca713933b5bce60a67a706a470daa2
d: could not find file/directory for 0bd8ba492aecc071c429d7363b89d6d413ca713933b5bce60a67a706a470daa2
<None>
None
d1676bb657819efd84207076bef917e2f797f50e15f0eb3eaa45bce8f6fe5efe
Deploy folder 2
Run 3
Buffer read folder found
A f549f48383e33954f7945f08a61729a0460bb5f24828e6fa89e99f2ddbc9b247 b'[\n  1,\n  2,\n  3\n]\n'
B 45eda5dc76b4247d554e2b8592df1c5031f84b00ff35a1547a8d241b529da9c1 b'{\n  "file1.txt": "191fb5fc4a9bf2ded9a09a0a2c4eb3eb90f15ee96deb1eec1a970df0a79d09ba"\n}\n'
C a3b9a39c707177f10d440c071303df8beff535c40c7c25e92da187b14aac127e b'3\n'
D 0bd8ba492aecc071c429d7363b89d6d413ca713933b5bce60a67a706a470daa2 b'{\n  "file2.txt": "a3b9a39c707177f10d440c071303df8beff535c40c7c25e92da187b14aac127e"\n}\n'
Status: OK
None
*************************************************
* Result
*************************************************
OK
*************************************************
* Standard output
*************************************************
{'a': {'mode': 'file', 'optional': True, 'filesystem': False}, 'b': {'mode': 'directory', 'optional': True, 'filesystem': False}, 'c': {'mode': 'file', 'optional': False, 'filesystem': True}, 'd': {'mode': 'directory', 'optional': False, 'filesystem': True}}
pin A [1, 2, 3]
pin B {'file1.txt': b'2\n'}
pin C /tmp/dummy-bufferfolder/a3b9a39c707177f10d440c071303df8beff535c40c7c25e92da187b14aac127e
pin D /tmp/dummy-bufferfolder/deployed/0bd8ba492aecc071c429d7363b89d6d413ca713933b5bce60a67a706a470daa2

*************************************************
Execution time: 0.0 seconds
*************************************************
946f8cf70c3251e6cb01e1be75dfe4769fe81e5f1aca4083aecefd4a12a392d5
OK
d1676bb657819efd84207076bef917e2f797f50e15f0eb3eaa45bce8f6fe5efe
Upload and deploy folder 1
seamless-upload: Verbosity set to 1
seamless-upload: Upload 2 files, total 88.00 B
Run 4
Buffer read folder found
A f549f48383e33954f7945f08a61729a0460bb5f24828e6fa89e99f2ddbc9b247 b'[\n  1,\n  2,\n  3\n]\n'
B 45eda5dc76b4247d554e2b8592df1c5031f84b00ff35a1547a8d241b529da9c1 b'{\n  "file1.txt": "191fb5fc4a9bf2ded9a09a0a2c4eb3eb90f15ee96deb1eec1a970df0a79d09ba"\n}\n'
C a3b9a39c707177f10d440c071303df8beff535c40c7c25e92da187b14aac127e b'3\n'
D 0bd8ba492aecc071c429d7363b89d6d413ca713933b5bce60a67a706a470daa2 b'{\n  "file2.txt": "a3b9a39c707177f10d440c071303df8beff535c40c7c25e92da187b14aac127e"\n}\n'
Status: OK
None
*************************************************
* Result
*************************************************
OK
*************************************************
* Standard output
*************************************************
{'a': {'mode': 'file', 'optional': True, 'filesystem': False}, 'b': {'mode': 'directory', 'optional': True, 'filesystem': True}, 'c': {'mode': 'file', 'optional': False, 'filesystem': True}, 'd': {'mode': 'directory', 'optional': False, 'filesystem': True}}
pin A [1, 2, 3]
pin B /tmp/dummy-bufferfolder/deployed/45eda5dc76b4247d554e2b8592df1c5031f84b00ff35a1547a8d241b529da9c1
pin C /tmp/dummy-bufferfolder/a3b9a39c707177f10d440c071303df8beff535c40c7c25e92da187b14aac127e
pin D /tmp/dummy-bufferfolder/deployed/0bd8ba492aecc071c429d7363b89d6d413ca713933b5bce60a67a706a470daa2

*************************************************
Execution time: 0.0 seconds
*************************************************
946f8cf70c3251e6cb01e1be75dfe4769fe81e5f1aca4083aecefd4a12a392d5
OK
d1676bb657819efd84207076bef917e2f797f50e15f0eb3eaa45bce8f6fe5efe
