Status: OK
None
42
84
84
Update...
5
10
None
10
Update 2 ...
12
None
Update 2a ...
12
Update 3 ...
14
14
