1
c = a + b
3 Status: OK
12 Status: OK
1012 Status: OK
Introduce delay...
after 1.0 sec...
None Status: {
  "tf": "executing"
}
...
-12 Status: OK
