filelist.txt
numbers.dat
table.csv
text-head.txt
text-head.txt.CHECKSUM
text.txt

This
is
a
filelist.txt
numbers-head.dat
numbers-head.dat.CHECKSUM
numbers.dat
table-head.csv
table-head.csv.CHECKSUM
table.csv
text-head.txt
text-head.txt.CHECKSUM
text.txt

5
12
19

1,"test",6
5,"word",3
7,"some",8

