Seamless DeepCell: .a
Status: OK
None
{'test': 'bc4bb29ce739b5d97007946aa4fdb987012c647b506732f11653c5059631cd3d', 'test2': '191fb5fc4a9bf2ded9a09a0a2c4eb3eb90f15ee96deb1eec1a970df0a79d09ba'}
<Silk: {'test': 1, 'test2': 2} >
Seamless DeepCell: .a
{'test': 'bc4bb29ce739b5d97007946aa4fdb987012c647b506732f11653c5059631cd3d', 'test2': '191fb5fc4a9bf2ded9a09a0a2c4eb3eb90f15ee96deb1eec1a970df0a79d09ba', 'test3': '8e843baef228089dc379d4c3b6e28c1bb5d44eee257f1206b5dfee44ef6b05ad', 'test4': 'cdfebe4279c013b4572ccb2e37d59f3856747a768f725afd22ca8e7b0a42cb33'}
<Silk: {'test': 1, 'test2': 2, 'test3': 20, 'test4': 55} >
191fb5fc4a9bf2ded9a09a0a2c4eb3eb90f15ee96deb1eec1a970df0a79d09ba 2
76a0a1b41ec3c27e4d17038e73331bc4e6c330d2ec0e409a443d1fde3c8b357f
[]
7b41ad4a50b29158e075c6463133761266adb475130b8e886f2f5649070031cf
<Silk: {'test': 1, 'test2': 2, 'test3': 20, 'test4': 55} >

['test3', 'test2', 'test1']
9da6c7af954c2554cbf80473f449e7bb8448f89160962aaad39413408a2bc85b

Seamless DeepCell: .a2
AttributeError: It is too costly to construct the full value of a deep cell
Use cell.data instead.
{'test': 'bc4bb29ce739b5d97007946aa4fdb987012c647b506732f11653c5059631cd3d', 'test2': '191fb5fc4a9bf2ded9a09a0a2c4eb3eb90f15ee96deb1eec1a970df0a79d09ba', 'test3': '8e843baef228089dc379d4c3b6e28c1bb5d44eee257f1206b5dfee44ef6b05ad', 'test4': 'cdfebe4279c013b4572ccb2e37d59f3856747a768f725afd22ca8e7b0a42cb33'}
76a0a1b41ec3c27e4d17038e73331bc4e6c330d2ec0e409a443d1fde3c8b357f
9da6c7af954c2554cbf80473f449e7bb8448f89160962aaad39413408a2bc85b
{'test': 'bc4bb29ce739b5d97007946aa4fdb987012c647b506732f11653c5059631cd3d', 'test2': '191fb5fc4a9bf2ded9a09a0a2c4eb3eb90f15ee96deb1eec1a970df0a79d09ba', 'test3': '8e843baef228089dc379d4c3b6e28c1bb5d44eee257f1206b5dfee44ef6b05ad', 'test4': 'cdfebe4279c013b4572ccb2e37d59f3856747a768f725afd22ca8e7b0a42cb33'}
['test3', 'test2', 'test1']
['test1', 'test2', 'test3']
55
Exception: ERROR: assigning a DeepCell to a Cell

When accessed, Cells have their complete content loaded into memory.
This is not the case for DeepCells, whose content can be very large in size.

Therefore, the direct assignment of a DeepCell to a Cell is by default not allowed.

If you really want to do this, create an intermediate SimpleDeepCell,
assign the DeepCell to the SimpleDeepCell, and the SimpleDeepCell to the Cell.


76a0a1b41ec3c27e4d17038e73331bc4e6c330d2ec0e409a443d1fde3c8b357f
['test1', 'test2', 'test3']
7c00da18c6703c0f634716296df19875b54a19d19a37e307aed0f5732a744a99
<Silk: {'test': 1, 'test2': 2, 'test3': 20, 'test4': 55} >
test <Silk: 1 >
test4 <Silk: 55 >

6029a94bf18edba94b275d0452290719d94aae26972fc3f81757349b47ce85e3
['test1', 'test2', 'test3']
7c00da18c6703c0f634716296df19875b54a19d19a37e307aed0f5732a744a99
<Silk: {'test3': 10, 'test4': 11} >
test <Silk: None >
test4 <Silk: 11 >

