Waiting for: Seamless transformer: .tf.tf
Transformation: bb2a0b0fd54208694b0a6b7aaf99306a723f0becbc460bae74c7efd5f6e1f9c3
Transformation dunder stored in environment7-dunder.json
None
Result: y = 3.860023856105954e-09 + 0.8570485711097717 x + -8.059650724590028e-09 x^2 + -0.09301575273275375 x^3
