20
Traceback (most recent call last):
  File "/cwd/tests/highlevel/independence-error-message.py", line 14, in <module>
    ctx.b.mount("/tmp/x")
  File "/seamless/seamless/highlevel/Cell.py", line 347, in mount
    raise Exception(msg.format(self))
Exception: Cannot mount Seamless Cell: .b in read mode.
This cell is not fully independent, i.e. it has incoming connections
Traceback (most recent call last):
  File "/cwd/tests/highlevel/independence-error-message.py", line 18, in <module>
    ctx.b.share(readonly=False)
  File "/seamless/seamless/highlevel/Cell.py", line 1015, in share
    raise Exception(msg.format(self))
Exception: Seamless Cell: .b: Non-readonly HTTP share is not possible.
This cell is not fully independent, i.e. it has incoming connections
