START
SERIALIZE TO BUFFER {'a': 2}
<Silk: {'a': 2} >
RE-TRANSLATE 1
<Silk: {'a': 2} >
DONE
RE-TRANSLATE 2
SERIALIZE TO BUFFER {'a': 2}
DONE
RE-TRANSLATE 3
DONE
SERIALIZE TO BUFFER {'a': 2}
<Silk: {'a': 2} >
CacheMissError 6f34e46a2c2bb3cda2b14ff240c71eb5e290049cf92f53ac816038095d1b9440
