*************************************************
* Result
*************************************************
10
*************************************************
* Standard output
*************************************************
transformer
<module 'transformer.testmodule'>
<module 'transformer.testmodule.submodule'>
10
10

*************************************************
Execution time: 0.0 seconds
*************************************************
Status: OK
None
<Silk: 10 >
<Silk: 9 >
{'__init__.py': '\nfrom .submodule import q\nfrom . import submodule\n', 'submodule.py': 'q = 9'}
<Silk: 80 >
None
<Silk: 160 >
