<Silk: 1456 >
<Silk: 1123 >
<Silk: 1012 >
<Silk: 1005 >
