Status: OK
<Silk: 12 >
Status: OK
<Silk: 4000 >
<Silk: 12 >
Status: OK
<Silk: 12 >
<Silk: 123 >
<Silk: 888 > <Silk: 222 > <Silk: {'b': 4} > <Silk: None >
