Opened the seamless share update server at port 5138
Opened the seamless REST server at port 5813
Project testproject created.

- Use seamless-load-project to start up IPython
or:
- Use seamless-jupyter to start up Jupyter
  and in the Jupyter browser window,
  open /home/jovyan/cwd/testproject.ipynb

If Seamless needs to execute Docker transformers:
- Use seamless-load-project-trusted to start up IPython
or:
- Use seamless-jupyter-trusted to start up Jupyter
  and in the Jupyter browser window,
  open /home/jovyan/cwd/testproject.ipynb

*** define_graph() function is empty. Loading 'graph/testproject.seamless' ***

Project loaded.

    Main context is "ctx"
    Web/status context is "webctx"

    Open http://localhost:<REST server port> to see the web page
    Open http://localhost:<REST server port>/status/status.html to see the status

    Run save() to save the project
    
Opened the seamless share update server at port 5138
Opened the seamless REST server at port 5813



Seamless Cell: .webform b'{\n  "cells": {\n    "a": {\n      "celltype": "int",\n      "component": "numberinput",\n      "params": {\n        "editable": false,\n        "title": "Cell A"\n      },\n      "share": {\n        "auto_read": true,\n        "encoding": "json",\n        "read": true\n      },\n      "webdefault": 0\n    }\n  },\n  "extra_components": [\n    {\n      "cell": "a",\n      "component": "",\n      "id": "EXAMPLE_ID",\n      "params": {}\n    }\n  ],\n  "index": {\n    "title": "Seamless webform"\n  },\n  "transformers": {}\n}\n'

Seamless Cell: .webform0 b'{\n  "cells": {\n    "a": {\n      "celltype": "int",\n      "component": "numberinput",\n      "params": {\n        "editable": false,\n        "title": "Cell A"\n      },\n      "share": {\n        "auto_read": true,\n        "encoding": "json",\n        "read": true\n      },\n      "webdefault": 0\n    }\n  },\n  "extra_components": [\n    {\n      "cell": "a",\n      "component": "",\n      "id": "EXAMPLE_ID",\n      "params": {}\n    }\n  ],\n  "index": {\n    "title": "Seamless webform"\n  },\n  "transformers": {}\n}\n'

Seamless Cell: .autogen_webform b'{\n  "cells": {\n    "a": {\n      "celltype": "int",\n      "component": "numberinput",\n      "params": {\n        "editable": false,\n        "title": "Cell A"\n      },\n      "share": {\n        "auto_read": true,\n        "encoding": "json",\n        "read": true\n      },\n      "webdefault": 0\n    }\n  },\n  "extra_components": [\n    {\n      "cell": "a",\n      "component": "",\n      "id": "EXAMPLE_ID",\n      "params": {}\n    }\n  ],\n  "index": {\n    "title": "Seamless webform"\n  },\n  "transformers": {}\n}\n'

Seamless Cell: .autogen_webform0 b'{\n  "cells": {\n    "a": {\n      "celltype": "int",\n      "component": "numberinput",\n      "params": {\n        "editable": false,\n        "title": "Cell A"\n      },\n      "share": {\n        "auto_read": true,\n        "encoding": "json",\n        "read": true\n      },\n      "webdefault": 0\n    }\n  },\n  "extra_components": [\n    {\n      "cell": "a",\n      "component": "",\n      "id": "EXAMPLE_ID",\n      "params": {}\n    }\n  ],\n  "index": {\n    "title": "Seamless webform"\n  },\n  "transformers": {}\n}\n'

