Status: OK None
Status: {'tf1': '*tf*: Status: error', 'tf2': '*tf*: Status: upstream => a undefined', 'tf1_result': 'Status: upstream'} None
Status: OK None
