FUNC 1 0
FUNC 1001.0 0
<Silk: 2001.0 >
FUNC 1001.0 2
START 1
FUNC 1 5
Status: pending None
START 2
Status: pending None
Waiting for: Seamless transformer: .tf1.tf
FUNC 1001.5 2
Waiting for: Seamless transformer: .tf2.tf
<Silk: 2001.7 >
