### 1
********************************************************************************
This is an example help
********************************************************************************
This is an example help
********************************************************************************
This is an example help
********************************************************************************
This is an example help

### 2
A markdown doc to document the main ctx
A HTML doc to document the main ctx
A markdown doc to document the main ctx
A HTML doc to document the main ctx

### 3

### 4
Opened the seamless share update server at port 5138
Opened the seamless REST server at port 5813

### 5
This is documentation for a subcontext
More documentation for a subcontext
This is documentation for my cell
More documentation for my cell
This is documentation for my transformer
More documentation for my transformer

### 6

### 7

### 8
Help in English
Aide en Fran√ßais
