CS-DATA ['e549d710ff556b1244ad6c44923bdf3e74bc555d4ec78011abfa5c87973dd877', '2e3a3f31267995c9e29bc7bef6d5b13d7d52af19303d46738b9d8c0ed23f28d2', 'eab994728ab34f5cbab4068fdffdfead5b8da98449289808aa222b6f6c923a5b', '09bb414f9a44dca9c05a10ff3a1a91a6f4347aa055aa09d0548b401e52b021f9']
Exception: None
11
6
[11, 6, 17, 19]
['3147dbedb6618cf418dc2a4e6e46b7f598ce62d3e346f8043e507b6626b9c9c6', '0f91abf611686bc372fc850fbe9023f44922ec730400d7e17452d927d9970eb2', 'dd5c7f50a7977e65c52dc937487cc197bff445a1c9b19184b2fd8206a0325cb9', '20c8d9b1b6e28faa747008703cbc94830bdcacce877cb231f740c0ac1dc79a0c']

[11, 6, 17, 19]
['3147dbedb6618cf418dc2a4e6e46b7f598ce62d3e346f8043e507b6626b9c9c6', '0f91abf611686bc372fc850fbe9023f44922ec730400d7e17452d927d9970eb2', 'dd5c7f50a7977e65c52dc937487cc197bff445a1c9b19184b2fd8206a0325cb9', '20c8d9b1b6e28faa747008703cbc94830bdcacce877cb231f740c0ac1dc79a0c']
{'!': '#'}

<Silk: [11, 6, 17, 19] >
['3147dbedb6618cf418dc2a4e6e46b7f598ce62d3e346f8043e507b6626b9c9c6', '0f91abf611686bc372fc850fbe9023f44922ec730400d7e17452d927d9970eb2', 'dd5c7f50a7977e65c52dc937487cc197bff445a1c9b19184b2fd8206a0325cb9', '20c8d9b1b6e28faa747008703cbc94830bdcacce877cb231f740c0ac1dc79a0c']
Status: OK
Status: OK
Status: OK
Status: OK

CS-DATA ['43dceac4624340dc5f4a088935b0f7acba19421e825d86f9d2b37890df757b6d', '91e22ba81966651ff932108572fc66d1bdaaee1939314026fc055a12a9155ea7']

Exception: None
-111
[-111, 99]
<Silk: [-111, 99] >
CS-DATA ['43dceac4624340dc5f4a088935b0f7acba19421e825d86f9d2b37890df757b6d', '91e22ba81966651ff932108572fc66d1bdaaee1939314026fc055a12a9155ea7']

Exception: None
135
[135, 265]
<Silk: [135, 265] >

[('cs_data',),
 ('data',),
 ('graph',),
 ('m',),
 ('result',),
 ('m', 'macro', 'ctx', 'subctx1'),
 ('m', 'macro', 'ctx', 'subctx1', 'a'),
 ('m', 'macro', 'ctx', 'subctx1', 'add'),
 ('m', 'macro', 'ctx', 'subctx1', 'b'),
 ('m', 'macro', 'ctx', 'subctx1', 'inp'),
 ('m', 'macro', 'ctx', 'subctx1', 'inp2'),
 ('m', 'macro', 'ctx', 'subctx1', 'result'),
 ('m', 'macro', 'ctx', 'subctx2'),
 ('m', 'macro', 'ctx', 'subctx2', 'a'),
 ('m', 'macro', 'ctx', 'subctx2', 'add'),
 ('m', 'macro', 'ctx', 'subctx2', 'b'),
 ('m', 'macro', 'ctx', 'subctx2', 'inp'),
 ('m', 'macro', 'ctx', 'subctx2', 'inp2'),
 ('m', 'macro', 'ctx', 'subctx2', 'result')]
