   ...:     print("START")
   ...:     raise Exception  # deliberately
   ...: 
   ...: 
   ...: try:
   ...:     func0(0, 0)
   ...: except SeamlessTransformationError:
   ...:     traceback.print_exc(1)
   ...: print("/exception")
   ...: print()
   ...:         
   ...: result_checksum = await run_transformation_dict_async(
   ...:     transformation_dict, fingertip=False
   ...: )
   ...: result = Checksum(result_checksum).resolve("mixed")
   ...: print(result)
   ...: 
   ...: 
   ...: @transformer
   ...: def func(a, b):
   ...:     import time
   ...: 
   ...:     time.sleep(0.5)
   ...:     return 100 * a + b
   ...: 
   ...: 
   ...: func = transformer(func)
   ...: 
   ...: result = func(88, 17)  # takes 0.5 sec
   ...: print(result)
   ...: result = func(88, 17)  # immediate
   ...: print(result)
   ...: result = func(21, 17)  # immediate
   ...: print(result)
   ...: 
   ...: print("The following will give an exception:")
   ...: 
   ...: 
   ...: @transformer
   ...: def func0(a, b):
   ...:     print("START")
   ...:     raise Exception  # deliberately
   ...: 
   ...: 
   ...: try:
   ...:     func0(0, 0)
   ...: except SeamlessTransformationError:
   ...:     traceback.print_exc(1)
   ...: print("/exception")
   ...: print()
   ...: 
WARNING: Seamless delegation level was not set.

Use seamless.delegate() to enable delegation, or seamless.delegate(False)
to disable it. Continuing without delegation.

2117
8817
8817
2117
The following will give an exception:
/exception

Traceback (most recent call last):
  File "/tmp/ipykernel_111709/3750347486.py", line 60, in <module>
    func0(0, 0)
seamless.workflow.core.transformation.SeamlessTransformationError: Traceback (most recent call last):
  File "transformer", line 5, in <module>
    result = func0(a=a,b=b)
  File "transformer", line 3, in func0
    raise Exception  # deliberately
Exception

*************************************************
* Standard output
*************************************************
START

*************************************************
*************************************************
Execution time: 0.0 seconds

In [3]: exit()              
In [3]: exit()
Shutting down kernel
