0fa8e64ef53b1cf1b298ee986909c2bbf164e36458663e04b457dd6fad7ae2c4
Data type: <class 'numpy.ndarray'>
Data shape: (10000000, 3, 3)
Data byte size: 720000000
0fa8e64ef53b1cf1b298ee986909c2bbf164e36458663e04b457dd6fad7ae2c4
Data type: <class 'numpy.ndarray'>
Data shape: (10000000, 3, 3)
Data byte size: 720000000
