<Silk: {'a': 10, 'c': 30} >
{'a': 10, 'c': 30}
Traceback (most recent call last):
  File "/cwd/tests/workflow/inchannel-conflict.py", line 21, in <module>
    ctx.s.set("NOT TO BE PRINTED")
  File "/seamless/seamless/workflow/highlevel/Cell.py", line 715, in set
    raise TypeError("Cannot set the value of a cell that is not independent")
TypeError: Cannot set the value of a cell that is not independent
<Silk: {'a': 10, 'c': 30} >
{'a': 10, 'c': 30}
None

Traceback (most recent call last):
  File "/cwd/tests/workflow/inchannel-conflict.py", line 30, in <module>
    ctx.s.set("NOT TO BE PRINTED 2")
  File "/seamless/seamless/workflow/highlevel/Cell.py", line 715, in set
    raise TypeError("Cannot set the value of a cell that is not independent")
TypeError: Cannot set the value of a cell that is not independent
<Silk: {'a': 10, 'c': 30} >
{'a': 10, 'c': 30}
None

Traceback (most recent call last):
  File "/cwd/tests/workflow/inchannel-conflict.py", line 41, in <module>
    ctx.s.set({})
  File "/seamless/seamless/workflow/highlevel/Cell.py", line 715, in set
    raise TypeError("Cannot set the value of a cell that is not independent")
TypeError: Cannot set the value of a cell that is not independent
<Silk: {'a': 10, 'c': 30} >
{'a': 10, 'c': 30}
None

<Silk: {'a': 10, 'b': 999, 'c': 30} >
{'a': 10, 'b': 999, 'c': 30}
None

<Silk: {'a': 10, 'c': 30} >
{'a': 10, 'c': 30}
None

<Silk: {'a': 10, 'c': 30, 'd': 123} >
{'a': 10, 'c': 30, 'd': 123}
None

<Silk: {'a': 10, 'c': 30} >
{'a': 10, 'c': 30}
None
