START 1
None
Status: OK
Status: OK
2
3
5
5
5
START 2
10
START 3
99
START 4
11
