Status: OK
None
<Silk: {'b': 20, 'c': 80, 'd': 5, 'x': 123} >
<Silk: 815 >
11893c8d20f54d28706c7962fd055b742269a5dfba7fa79115752b3c4788ff8b
Status: OK
None
<Silk: {'b': 20, 'c': 80, 'd': 5, 'x': 123} >
<Silk: 815 >
11893c8d20f54d28706c7962fd055b742269a5dfba7fa79115752b3c4788ff8b
