<Silk: 5 >
ba6ba8dcc8a2d9789f1221df37b27ca157b1b40817cde05eadb5c6075e5dd1c3
5
3a5e4e816160d53828641e0f45a9f8c7fcb29c7c27b5afeed016769b5b182911
TEMPVAULT/independent/small/e03cfb139028b70f0a3d33eea730fc5b5653e4842d608ad25ac11b69d53e847d
TEMPVAULT/independent/small/a3b9a39c707177f10d440c071303df8beff535c40c7c25e92da187b14aac127e
TEMPVAULT/independent/small/191fb5fc4a9bf2ded9a09a0a2c4eb3eb90f15ee96deb1eec1a970df0a79d09ba
TEMPVAULT/independent/small/d0a1b2af1705c1b8495b00145082ef7470384e62ac1c4d9b9cdbbe0476c28f8c
TEMPVAULT/dependent/small/db261607fbcce5f3f0a15e82816dd12178c069ddbe907c5d1090ceecd5e53cb1
