<Silk: 30 >
<Silk: 30 >
<Silk: 31 >
<Silk: 100 >
<Silk: 110 >
