5

g++ -c -O3 -ffast-math -march=native -fPIC -fopenmp -p -g -o /tmp/seamless-extensions/seamless_module_96768b70fa19baed926181b8a8816a17ce57ccae650bace69d90119a65a36776_module/main.o /tmp/seamless-extensions/seamless_module_96768b70fa19baed926181b8a8816a17ce57ccae650bace69d90119a65a36776_module/main.cpp


5.0

g++ -c -O3 -ffast-math -march=native -fPIC -fopenmp -p -g -o /tmp/seamless-extensions/seamless_module_5028f97d5b8b3e6b231e203e7decbc488c7af7e4c5b3312037fa4cdbf8534e7c_module/main.o /tmp/seamless-extensions/seamless_module_5028f97d5b8b3e6b231e203e7decbc488c7af7e4c5b3312037fa4cdbf8534e7c_module/main.cpp


40.0
Status: OK
