<Silk: 12 >
<Silk: 12 >
<Silk: 11 >
<Silk: 132 >
<Silk: 132 >
