********************************************************************************
*  PARAMETERS
********************************************************************************
KEY tf1
Limit: 9
Factor: 1000
Delay: 1.5
Offset: 0

KEY tf2
Limit: 15
Factor: 10
Delay: 0.7
Offset: 0

KEY tf3
Limit: 9
Factor: 1
Delay: 0.5

KEY tf4
Limit: 1
Factor: 9
Delay: 0.1

********************************************************************************

Time elapsed: 0.117
{'status': {'tf1': 'Status: executing, 11.1 %',
            'tf1-result': 'Status: preliminary',
            'tf2': 'Status: executing, 6.7 %',
            'tf2-result': 'Status: preliminary',
            'tf3': 'Status: executing, 11.1 %',
            'tf3-result': 'Status: preliminary',
            'tf4': 'Status: OK',
            'tf4-result': 'Status: OK'},
 'tf1': 0.0,
 'tf1-result': 0.0,
 'tf2': 0.0,
 'tf2-result': 0.0,
 'tf3': 0.0,
 'tf3-result': 0.0,
 'tf4': 9.0,
 'tf4-result': 9.0}

Time elapsed: 0.323
{'status': {'tf1': 'Status: executing, 11.1 %',
            'tf1-result': 'Status: preliminary',
            'tf2': 'Status: executing, 6.7 %',
            'tf2-result': 'Status: preliminary',
            'tf3': 'Status: executing, 22.2 %',
            'tf3-result': 'Status: preliminary',
            'tf4': 'Status: OK',
            'tf4-result': 'Status: OK'},
 'tf1': 0.0,
 'tf1-result': 0.0,
 'tf2': 0.0,
 'tf2-result': 0.0,
 'tf3': 1.0,
 'tf3-result': 1.0,
 'tf4': 9.0,
 'tf4-result': 9.0}

Time elapsed: 0.522
{'status': {'tf1': 'Status: executing, 11.1 %',
            'tf1-result': 'Status: preliminary',
            'tf2': 'Status: executing, 13.3 %',
            'tf2-result': 'Status: preliminary',
            'tf3': 'Status: executing, 22.2 %',
            'tf3-result': 'Status: preliminary',
            'tf4': 'Status: OK',
            'tf4-result': 'Status: OK'},
 'tf1': 0.0,
 'tf1-result': 0.0,
 'tf2': 10.0,
 'tf2-result': 10.0,
 'tf3': 1.0,
 'tf3-result': 1.0,
 'tf4': 9.0,
 'tf4-result': 9.0}

Time elapsed: 0.935
{'status': {'tf1': 'Status: executing, 11.1 %',
            'tf1-result': 'Status: preliminary',
            'tf2': 'Status: executing, 13.3 %',
            'tf2-result': 'Status: preliminary',
            'tf3': 'Status: executing, 33.3 %',
            'tf3-result': 'Status: preliminary',
            'tf4': 'Status: OK',
            'tf4-result': 'Status: OK'},
 'tf1': 0.0,
 'tf1-result': 0.0,
 'tf2': 10.0,
 'tf2-result': 10.0,
 'tf3': 2.0,
 'tf3-result': 2.0,
 'tf4': 9.0,
 'tf4-result': 9.0}

Time elapsed: 1.340
{'status': {'tf1': 'Status: executing, 22.2 %',
            'tf1-result': 'Status: preliminary',
            'tf2': 'Status: executing, 20.0 %',
            'tf2-result': 'Status: preliminary',
            'tf3': 'Status: executing, 44.4 %',
            'tf3-result': 'Status: preliminary',
            'tf4': 'Status: OK',
            'tf4-result': 'Status: OK'},
 'tf1': 1000.0,
 'tf1-result': 1000.0,
 'tf2': 20.0,
 'tf2-result': 20.0,
 'tf3': 3.0,
 'tf3-result': 3.0,
 'tf4': 9.0,
 'tf4-result': 9.0}

Time elapsed: 1.748
{'status': {'tf1': 'Status: executing, 22.2 %',
            'tf1-result': 'Status: preliminary',
            'tf2': 'Status: executing, 20.0 %',
            'tf2-result': 'Status: preliminary',
            'tf3': 'Status: executing, 55.6 %',
            'tf3-result': 'Status: preliminary',
            'tf4': 'Status: OK',
            'tf4-result': 'Status: OK'},
 'tf1': 1000.0,
 'tf1-result': 1000.0,
 'tf2': 20.0,
 'tf2-result': 20.0,
 'tf3': 4.0,
 'tf3-result': 3.0,
 'tf4': 9.0,
 'tf4-result': 9.0}

Time elapsed: 1.951
{'status': {'tf1': 'Status: executing, 22.2 %',
            'tf1-result': 'Status: preliminary',
            'tf2': 'Status: executing, 26.7 %',
            'tf2-result': 'Status: preliminary',
            'tf3': 'Status: executing, 55.6 %',
            'tf3-result': 'Status: preliminary',
            'tf4': 'Status: OK',
            'tf4-result': 'Status: OK'},
 'tf1': 1000.0,
 'tf1-result': 1000.0,
 'tf2': 30.0,
 'tf2-result': 30.0,
 'tf3': 4.0,
 'tf3-result': 4.0,
 'tf4': 9.0,
 'tf4-result': 9.0}

Time elapsed: 2.356
{'status': {'tf1': 'Status: executing, 22.2 %',
            'tf1-result': 'Status: preliminary',
            'tf2': 'Status: executing, 26.7 %',
            'tf2-result': 'Status: preliminary',
            'tf3': 'Status: executing, 66.7 %',
            'tf3-result': 'Status: preliminary',
            'tf4': 'Status: OK',
            'tf4-result': 'Status: OK'},
 'tf1': 1000.0,
 'tf1-result': 1000.0,
 'tf2': 30.0,
 'tf2-result': 30.0,
 'tf3': 5.0,
 'tf3-result': 5.0,
 'tf4': 9.0,
 'tf4-result': 9.0}

Time elapsed: 2.550
{'status': {'tf1': 'Status: executing, 22.2 %',
            'tf1-result': 'Status: preliminary',
            'tf2': 'Status: executing, 33.3 %',
            'tf2-result': 'Status: preliminary',
            'tf3': 'Status: executing, 66.7 %',
            'tf3-result': 'Status: preliminary',
            'tf4': 'Status: OK',
            'tf4-result': 'Status: OK'},
 'tf1': 1000.0,
 'tf1-result': 1000.0,
 'tf2': 40.0,
 'tf2-result': 30.0,
 'tf3': 5.0,
 'tf3-result': 5.0,
 'tf4': 9.0,
 'tf4-result': 9.0}

Time elapsed: 2.766
{'status': {'tf1': 'Status: executing, 33.3 %',
            'tf1-result': 'Status: preliminary',
            'tf2': 'Status: executing, 33.3 %',
            'tf2-result': 'Status: preliminary',
            'tf3': 'Status: executing, 77.8 %',
            'tf3-result': 'Status: preliminary',
            'tf4': 'Status: OK',
            'tf4-result': 'Status: OK'},
 'tf1': 2000.0,
 'tf1-result': 1000.0,
 'tf2': 40.0,
 'tf2-result': 40.0,
 'tf3': 6.0,
 'tf3-result': 6.0,
 'tf4': 9.0,
 'tf4-result': 9.0}

Time elapsed: 2.968
{'status': {'tf1': 'Status: executing, 33.3 %',
            'tf1-result': 'Status: preliminary',
            'tf2': 'Status: executing, 33.3 %',
            'tf2-result': 'Status: preliminary',
            'tf3': 'Status: executing, 77.8 %',
            'tf3-result': 'Status: preliminary',
            'tf4': 'Status: OK',
            'tf4-result': 'Status: OK'},
 'tf1': 2000.0,
 'tf1-result': 2000.0,
 'tf2': 40.0,
 'tf2-result': 40.0,
 'tf3': 6.0,
 'tf3-result': 6.0,
 'tf4': 9.0,
 'tf4-result': 9.0}

Time elapsed: 3.375
{'status': {'tf1': 'Status: executing, 33.3 %',
            'tf1-result': 'Status: preliminary',
            'tf2': 'Status: executing, 40.0 %',
            'tf2-result': 'Status: preliminary',
            'tf3': 'Status: executing, 88.9 %',
            'tf3-result': 'Status: preliminary',
            'tf4': 'Status: OK',
            'tf4-result': 'Status: OK'},
 'tf1': 2000.0,
 'tf1-result': 2000.0,
 'tf2': 50.0,
 'tf2-result': 50.0,
 'tf3': 7.0,
 'tf3-result': 7.0,
 'tf4': 9.0,
 'tf4-result': 9.0}

Time elapsed: 3.779
{'status': {'tf1': 'Status: executing, 33.3 %',
            'tf1-result': 'Status: preliminary',
            'tf2': 'Status: executing, 40.0 %',
            'tf2-result': 'Status: preliminary',
            'tf3': 'Status: executing, 100.0 %',
            'tf3-result': 'Status: preliminary',
            'tf4': 'Status: OK',
            'tf4-result': 'Status: OK'},
 'tf1': 2000.0,
 'tf1-result': 2000.0,
 'tf2': 50.0,
 'tf2-result': 50.0,
 'tf3': 8.0,
 'tf3-result': 8.0,
 'tf4': 9.0,
 'tf4-result': 9.0}

Time elapsed: 3.985
{'status': {'tf1': 'Status: executing, 33.3 %',
            'tf1-result': 'Status: preliminary',
            'tf2': 'Status: executing, 46.7 %',
            'tf2-result': 'Status: preliminary',
            'tf3': 'Status: executing, 100.0 %',
            'tf3-result': 'Status: preliminary',
            'tf4': 'Status: OK',
            'tf4-result': 'Status: OK'},
 'tf1': 2000.0,
 'tf1-result': 2000.0,
 'tf2': 60.0,
 'tf2-result': 60.0,
 'tf3': 8.0,
 'tf3-result': 8.0,
 'tf4': 9.0,
 'tf4-result': 9.0}

Time elapsed: 4.399
{'status': {'tf1': 'Status: executing, 44.4 %',
            'tf1-result': 'Status: preliminary',
            'tf2': 'Status: executing, 46.7 %',
            'tf2-result': 'Status: preliminary',
            'tf3': 'Status: OK',
            'tf3-result': 'Status: OK',
            'tf4': 'Status: OK',
            'tf4-result': 'Status: OK'},
 'tf1': 3000.0,
 'tf1-result': 3000.0,
 'tf2': 60.0,
 'tf2-result': 60.0,
 'tf3': 9.0,
 'tf3-result': 9.0,
 'tf4': 9.0,
 'tf4-result': 9.0}

Time elapsed: 4.795
{'status': {'tf1': 'Status: executing, 44.4 %',
            'tf1-result': 'Status: preliminary',
            'tf2': 'Status: executing, 53.3 %',
            'tf2-result': 'Status: preliminary',
            'tf3': 'Status: OK',
            'tf3-result': 'Status: OK',
            'tf4': 'Status: OK',
            'tf4-result': 'Status: OK'},
 'tf1': 3000.0,
 'tf1-result': 3000.0,
 'tf2': 70.0,
 'tf2-result': 70.0,
 'tf3': 9.0,
 'tf3-result': 9.0,
 'tf4': 9.0,
 'tf4-result': 9.0}

Time elapsed: 5.401
{'status': {'tf1': 'Status: executing, 44.4 %',
            'tf1-result': 'Status: preliminary',
            'tf2': 'Status: executing, 60.0 %',
            'tf2-result': 'Status: preliminary',
            'tf3': 'Status: OK',
            'tf3-result': 'Status: OK',
            'tf4': 'Status: OK',
            'tf4-result': 'Status: OK'},
 'tf1': 3000.0,
 'tf1-result': 3000.0,
 'tf2': 80.0,
 'tf2-result': 80.0,
 'tf3': 9.0,
 'tf3-result': 9.0,
 'tf4': 9.0,
 'tf4-result': 9.0}

Time elapsed: 5.812
{'status': {'tf1': 'Status: executing, 55.6 %',
            'tf1-result': 'Status: preliminary',
            'tf2': 'Status: executing, 60.0 %',
            'tf2-result': 'Status: preliminary',
            'tf3': 'Status: OK',
            'tf3-result': 'Status: OK',
            'tf4': 'Status: OK',
            'tf4-result': 'Status: OK'},
 'tf1': 4000.0,
 'tf1-result': 4000.0,
 'tf2': 80.0,
 'tf2-result': 80.0,
 'tf3': 9.0,
 'tf3-result': 9.0,
 'tf4': 9.0,
 'tf4-result': 9.0}

Time elapsed: 6.221
{'status': {'tf1': 'Status: executing, 55.6 %',
            'tf1-result': 'Status: preliminary',
            'tf2': 'Status: executing, 66.7 %',
            'tf2-result': 'Status: preliminary',
            'tf3': 'Status: OK',
            'tf3-result': 'Status: OK',
            'tf4': 'Status: OK',
            'tf4-result': 'Status: OK'},
 'tf1': 4000.0,
 'tf1-result': 4000.0,
 'tf2': 90.0,
 'tf2-result': 90.0,
 'tf3': 9.0,
 'tf3-result': 9.0,
 'tf4': 9.0,
 'tf4-result': 9.0}

Time elapsed: 6.833
{'status': {'tf1': 'Status: executing, 55.6 %',
            'tf1-result': 'Status: preliminary',
            'tf2': 'Status: executing, 73.3 %',
            'tf2-result': 'Status: preliminary',
            'tf3': 'Status: OK',
            'tf3-result': 'Status: OK',
            'tf4': 'Status: OK',
            'tf4-result': 'Status: OK'},
 'tf1': 4000.0,
 'tf1-result': 4000.0,
 'tf2': 100.0,
 'tf2-result': 100.0,
 'tf3': 9.0,
 'tf3-result': 9.0,
 'tf4': 9.0,
 'tf4-result': 9.0}

Time elapsed: 7.445
{'status': {'tf1': 'Status: executing, 66.7 %',
            'tf1-result': 'Status: preliminary',
            'tf2': 'Status: executing, 73.3 %',
            'tf2-result': 'Status: preliminary',
            'tf3': 'Status: OK',
            'tf3-result': 'Status: OK',
            'tf4': 'Status: OK',
            'tf4-result': 'Status: OK'},
 'tf1': 5000.0,
 'tf1-result': 5000.0,
 'tf2': 100.0,
 'tf2-result': 100.0,
 'tf3': 9.0,
 'tf3-result': 9.0,
 'tf4': 9.0,
 'tf4-result': 9.0}

Time elapsed: 7.636
{'status': {'tf1': 'Status: executing, 66.7 %',
            'tf1-result': 'Status: preliminary',
            'tf2': 'Status: executing, 80.0 %',
            'tf2-result': 'Status: preliminary',
            'tf3': 'Status: OK',
            'tf3-result': 'Status: OK',
            'tf4': 'Status: OK',
            'tf4-result': 'Status: OK'},
 'tf1': 5000.0,
 'tf1-result': 5000.0,
 'tf2': 110.0,
 'tf2-result': 110.0,
 'tf3': 9.0,
 'tf3-result': 9.0,
 'tf4': 9.0,
 'tf4-result': 9.0}

Time elapsed: 8.255
{'status': {'tf1': 'Status: executing, 66.7 %',
            'tf1-result': 'Status: preliminary',
            'tf2': 'Status: executing, 86.7 %',
            'tf2-result': 'Status: preliminary',
            'tf3': 'Status: OK',
            'tf3-result': 'Status: OK',
            'tf4': 'Status: OK',
            'tf4-result': 'Status: OK'},
 'tf1': 5000.0,
 'tf1-result': 5000.0,
 'tf2': 120.0,
 'tf2-result': 120.0,
 'tf3': 9.0,
 'tf3-result': 9.0,
 'tf4': 9.0,
 'tf4-result': 9.0}

Time elapsed: 8.861
{'status': {'tf1': 'Status: executing, 77.8 %',
            'tf1-result': 'Status: preliminary',
            'tf2': 'Status: executing, 93.3 %',
            'tf2-result': 'Status: preliminary',
            'tf3': 'Status: OK',
            'tf3-result': 'Status: OK',
            'tf4': 'Status: OK',
            'tf4-result': 'Status: OK'},
 'tf1': 6000.0,
 'tf1-result': 6000.0,
 'tf2': 130.0,
 'tf2-result': 120.0,
 'tf3': 9.0,
 'tf3-result': 9.0,
 'tf4': 9.0,
 'tf4-result': 9.0}

Time elapsed: 9.077
{'status': {'tf1': 'Status: executing, 77.8 %',
            'tf1-result': 'Status: preliminary',
            'tf2': 'Status: executing, 93.3 %',
            'tf2-result': 'Status: preliminary',
            'tf3': 'Status: OK',
            'tf3-result': 'Status: OK',
            'tf4': 'Status: OK',
            'tf4-result': 'Status: OK'},
 'tf1': 6000.0,
 'tf1-result': 6000.0,
 'tf2': 130.0,
 'tf2-result': 130.0,
 'tf3': 9.0,
 'tf3-result': 9.0,
 'tf4': 9.0,
 'tf4-result': 9.0}

Time elapsed: 9.687
{'status': {'tf1': 'Status: executing, 77.8 %',
            'tf1-result': 'Status: preliminary',
            'tf2': 'Status: executing, 100.0 %',
            'tf2-result': 'Status: preliminary',
            'tf3': 'Status: OK',
            'tf3-result': 'Status: OK',
            'tf4': 'Status: OK',
            'tf4-result': 'Status: OK'},
 'tf1': 6000.0,
 'tf1-result': 6000.0,
 'tf2': 140.0,
 'tf2-result': 140.0,
 'tf3': 9.0,
 'tf3-result': 9.0,
 'tf4': 9.0,
 'tf4-result': 9.0}

Time elapsed: 10.297
{'status': {'tf1': 'Status: executing, 88.9 %',
            'tf1-result': 'Status: preliminary',
            'tf2': 'Status: OK',
            'tf2-result': 'Status: OK',
            'tf3': 'Status: OK',
            'tf3-result': 'Status: OK',
            'tf4': 'Status: OK',
            'tf4-result': 'Status: OK'},
 'tf1': 7000.0,
 'tf1-result': 7000.0,
 'tf2': 150.0,
 'tf2-result': 150.0,
 'tf3': 9.0,
 'tf3-result': 9.0,
 'tf4': 9.0,
 'tf4-result': 9.0}

Time elapsed: 11.923
{'status': {'tf1': 'Status: executing, 100.0 %',
            'tf1-result': 'Status: preliminary',
            'tf2': 'Status: OK',
            'tf2-result': 'Status: OK',
            'tf3': 'Status: OK',
            'tf3-result': 'Status: OK',
            'tf4': 'Status: OK',
            'tf4-result': 'Status: OK'},
 'tf1': 8000.0,
 'tf1-result': 8000.0,
 'tf2': 150.0,
 'tf2-result': 150.0,
 'tf3': 9.0,
 'tf3-result': 9.0,
 'tf4': 9.0,
 'tf4-result': 9.0}

Time elapsed: 13.318
{'status': {'tf1': 'Status: OK',
            'tf1-result': 'Status: OK',
            'tf2': 'Status: OK',
            'tf2-result': 'Status: OK',
            'tf3': 'Status: OK',
            'tf3-result': 'Status: OK',
            'tf4': 'Status: OK',
            'tf4-result': 'Status: OK'},
 'tf1': 9000.0,
 'tf1-result': 9000.0,
 'tf2': 150.0,
 'tf2-result': 150.0,
 'tf3': 9.0,
 'tf3-result': 9.0,
 'tf4': 9.0,
 'tf4-result': 9.0}

********************************************************************************
*  PARAMETERS
********************************************************************************
KEY tf1
Limit: 9
Factor: 1000
Delay: 1.5
Offset: 0

KEY tf2
Limit: 15
Factor: 10
Delay: 0.7
Offset: 0

KEY tf3
Limit: 9
Factor: 1
Delay: 0.5
Offset: 0

KEY tf4
Limit: 1
Factor: 9
Delay: 0.1
Offset: 0

********************************************************************************

<Silk: {'delay': 0.5, 'factor': 1, 'limit': 9, 'offset': 0} >
********************************************************************************
*  PARAMETERS
********************************************************************************
KEY tf1
Limit: 9
Factor: 1000
Delay: 1.5
Offset: 0

KEY tf2
Limit: 15
Factor: 10
Delay: 0.7
Offset: 0

KEY tf3
Limit: 9
Factor: 1
Delay: 0.5
Offset: 0

KEY tf4
Limit: 1
Factor: 9
Delay: 0.1
Offset: 0

********************************************************************************

<Silk: {'delay': 0.5, 'factor': 1, 'limit': 9, 'offset': 0} >
